// Jest Snapshot v1, https://goo.gl/fbAQLP

exports[`<Button/> should render the Button component properly 1`] = `
<button
  className=""
  name=""
  onClick={[MockFunction]}
  type=""
  value={1}
/>
`;

exports[`<Button/> should render the ButtonLink component properly 1`] = `
<a
  className=""
  href=""
  onClick={[MockFunction]}
/>
`;
