// Jest Snapshot v1, https://goo.gl/fbAQLP

exports[`<MailField /> should render thecMailField component properly 1`] = `
<div
  className=""
  key="1"
>
  <div
    className="top"
  >
    <span
      className="title"
    />
    <span
      className="time-right"
    />
  </div>
  <p
    className="lead"
  />
  <p
    className="para"
  />
</div>
`;
